// Jest Snapshot v1, https://goo.gl/fbAQLP

exports[`DaemonUtils tests should build a default header response with explicit values that are different than defaults 1`] = `"x-zowe-daemon-headers:7;x-zowe-daemon-version:1;x-zowe-daemon-exit:1;x-zowe-daemon-stdout:0;x-zowe-daemon-stderr:1;x-zowe-daemon-prompt:1;x-zowe-daemon-end:0"`;

exports[`DaemonUtils tests should build a default header response with explicit values that match defaults 1`] = `"x-zowe-daemon-headers:7;x-zowe-daemon-version:1;x-zowe-daemon-exit:0;x-zowe-daemon-stdout:1;x-zowe-daemon-stderr:0;x-zowe-daemon-prompt:0;x-zowe-daemon-end:0"`;

exports[`DaemonUtils tests should build a default header response with no options 1`] = `"x-zowe-daemon-headers:7;x-zowe-daemon-version:1;x-zowe-daemon-exit:0;x-zowe-daemon-stdout:0;x-zowe-daemon-stderr:0;x-zowe-daemon-prompt:0;x-zowe-daemon-end:0"`;
