// Jest Snapshot v1, https://goo.gl/fbAQLP

exports[`daemon group definition should have the right command content 1`] = `
Object {
  "ReportEnvDefinition": Object {
    "aliases": Array [
      "re",
    ],
    "description": "Reports key items from your environment and identifies problem conditions",
    "examples": Array [
      Object {
        "description": "Report information and issues about your working environment",
        "options": "",
      },
    ],
    "handler": "C:\\\\ourstuff\\\\repos\\\\imperative\\\\packages\\\\imperative\\\\src\\\\config\\\\cmd\\\\report-env\\\\report-env.handler",
    "name": "report-env",
    "summary": "Report the state of your working environment",
    "type": "command",
  },
}
`;
