// Jest Snapshot v1, https://goo.gl/fbAQLP

exports[` 1`] = `[Function]`;

exports[`WebDiffGenerator should match the snapshot 1`] = `[Function]`;
