// Jest Snapshot v1, https://goo.gl/fbAQLP

exports[`CompleteAuthGroupBuilder should create complete auth group given an auth config object 1`] = `
Object {
  "children": Array [
    Object {
      "aliases": Array [
        "li",
      ],
      "children": Array [
        Object {
          "customize": Object {},
          "description": "Fake login command",
          "examples": Array [
            Object {
              "description": "Fake login example",
              "options": "",
            },
          ],
          "handler": "fakeHandler",
          "name": "fakeService",
          "options": Array [
            Object {
              "aliases": Array [
                "st",
              ],
              "description": "Show the token when login is successful. If specified, does not save the token to a profile.",
              "name": "show-token",
              "type": "boolean",
            },
            Object {
              "aliases": Array [
                "cp",
              ],
              "description": "Create a default profile with the name 'default'. Will fail if a profile with the name 'default' already exists.",
              "name": "create-profile",
              "type": "boolean",
            },
            Object {
              "description": "Fake command option",
              "name": "fake",
              "type": "string",
            },
          ],
          "profile": Object {
            "optional": Array [
              "base",
            ],
          },
          "summary": "Login to a fakeService instance",
          "type": "command",
        },
      ],
      "description": "Login to an authentication server.",
      "name": "login",
      "summary": "Login to an authentication server",
      "type": "group",
    },
    Object {
      "aliases": Array [
        "lo",
      ],
      "children": Array [
        Object {
          "customize": Object {},
          "description": "Fake logout command",
          "examples": Array [
            Object {
              "description": "Fake logout example",
              "options": "",
            },
          ],
          "handler": "fakeHandler",
          "name": "fakeService",
          "options": Array [
            Object {
              "description": "Fake command option",
              "name": "fake",
              "type": "string",
            },
          ],
          "profile": Object {
            "optional": Array [
              "base",
            ],
          },
          "summary": "Logout of a fakeService instance",
          "type": "command",
        },
      ],
      "description": "Logout of an authentication server.",
      "name": "logout",
      "summary": "Logout of an authentication server",
      "type": "group",
    },
  ],
  "description": "Manage tokens for authentication services",
  "name": "auth",
  "type": "group",
}
`;
