// Jest Snapshot v1, https://goo.gl/fbAQLP

exports[`CompleteAutoInitCommandBuilder should create complete auth group given only an auto init config object 1`] = `
Object {
  "customize": Object {},
  "description": "A fake description",
  "examples": Array [
    Object {
      "description": "fake description",
      "options": "fake options",
    },
  ],
  "handler": "fakeHandler",
  "name": "auto-init",
  "options": Array [
    Object {
      "description": "Fake command option",
      "name": "fake",
      "type": "string",
    },
  ],
  "profile": Object {
    "optional": Array [
      "fakeProfile",
    ],
  },
  "summary": "A fake summary",
  "type": "command",
}
`;
